// Jest Snapshot v1, https://goo.gl/fbAQLP

exports[`TheFooter matches snapshot 1`] = `
<v-footer-stub height="auto" tag="div" tile="true" absolute="true" app="true" padless="true">
  <v-spacer-stub></v-spacer-stub>
  <v-col-stub tag="div" class="text-center v-footer--padless">
    Copyright Â© 2019
    <a href="https://github.com/paul-soporan" class="white--text"><strong>Paul Soporan</strong></a></v-col-stub>
  <v-col-stub tag="div" class="text-center v-footer--padless">
    Released under the
    <a href="https://github.com/paul-soporan/advanced-markdown-editor/blob/master/LICENSE" class="white--text"><strong>MIT License</strong></a></v-col-stub>
  <v-spacer-stub></v-spacer-stub>
</v-footer-stub>
`;
